Collecting torch (from -r requirements.txt (line 4))
  Using cached torch-2.13.0-cp313-cp313-manylinux_2_28_x86_64.whl.metadata (38 kB)
Collecting diffusers>=0.30 (from -r requirements.txt (line 5))
  Using cached diffusers-0.39.0-py3-none-any.whl.metadata (20 kB)
Collecting transformers (from -r requirements.txt (line 6))
  Using cached transformers-5.14.1-py3-none-any.whl.metadata (32 kB)
Collecting accelerate (from -r requirements.txt (line 7))
  Using cached accelerate-1.14.0-py3-none-any.whl.metadata (19 kB)
Collecting safetensors (from -r requirements.txt (line 8))
  Using cached safetensors-0.8.0-cp310-abi3-manylinux_2_17_x86_64.manylinux2014_x86_64.whl.metadata (4.2 kB)
Collecting fastapi (from -r requirements.txt (line 9))
  Using cached fastapi-0.140.0-py3-none-any.whl.metadata (27 kB)
Collecting pillow (from -r requirements.txt (line 11))
  Using cached pillow-12.3.0-cp313-cp313-manylinux_2_27_x86_64.manylinux_2_28_x86_64.whl.metadata (9.1 kB)
Collecting uvicorn[standard] (from -r requirements.txt (line 10))
  Using cached uvicorn-0.51.0-py3-none-any.whl.metadata (6.6 kB)
Collecting filelock (from torch->-r requirements.txt (line 4))
  Using cached filelock-3.32.0-py3-none-any.whl.metadata (2.0 kB)
Collecting typing-extensions>=4.10.0 (from torch->-r requirements.txt (line 4))
  Using cached typing_extensions-4.16.0-py3-none-any.whl.metadata (3.3 kB)
Collecting setuptools>=77.0.3 (from torch->-r requirements.txt (line 4))
  Using cached setuptools-83.0.0-py3-none-any.whl.metadata (6.6 kB)
Collecting sympy>=1.13.3 (from torch->-r requirements.txt (line 4))
  Using cached sympy-1.14.0-py3-none-any.whl.metadata (12 kB)
Collecting networkx>=2.5.1 (from torch->-r requirements.txt (line 4))
  Using cached networkx-3.6.1-py3-none-any.whl.metadata (6.8 kB)
Collecting jinja2 (from torch->-r requirements.txt (line 4))
  Using cached jinja2-3.1.6-py3-none-any.whl.metadata (2.9 kB)
Collecting fsspec>=0.8.5 (from torch->-r requirements.txt (line 4))
  Using cached fsspec-2026.6.0-py3-none-any.whl.metadata (10 kB)
Collecting cuda-toolkit==13.0.3 (from cuda-toolkit[cublas,cudart,cufft,cufile,cupti,curand,cusolver,cusparse,nvjitlink,nvrtc,nvtx]==13.0.3; platform_system == "Linux"->torch->-r requirements.txt (line 4))
  Using cached cuda_toolkit-13.0.3.0-py2.py3-none-any.whl.metadata (17 kB)
Collecting cuda-bindings<14,>=13.0.3 (from torch->-r requirements.txt (line 4))
  Using cached cuda_bindings-13.3.1-cp313-cp313-manylinux_2_24_x86_64.manylinux_2_28_x86_64.whl.metadata (2.5 kB)
Collecting nvidia-cudnn-cu13==9.20.0.48 (from torch->-r requirements.txt (line 4))
  Using cached nvidia_cudnn_cu13-9.20.0.48-py3-none-manylinux_2_27_x86_64.whl.metadata (1.9 kB)
Collecting nvidia-cusparselt-cu13==0.8.1 (from torch->-r requirements.txt (line 4))
  Using cached nvidia_cusparselt_cu13-0.8.1-py3-none-manylinux2014_x86_64.whl.metadata (12 kB)
Collecting nvidia-nccl-cu13==2.29.7 (from torch->-r requirements.txt (line 4))
  Using cached nvidia_nccl_cu13-2.29.7-py3-none-manylinux_2_18_x86_64.whl.metadata (2.1 kB)
Collecting nvidia-nvshmem-cu13==3.4.5 (from torch->-r requirements.txt (line 4))
  Using cached nvidia_nvshmem_cu13-3.4.5-py3-none-manylinux2014_x86_64.manylinux_2_17_x86_64.whl.metadata (2.1 kB)
Collecting triton==3.7.1 (from torch->-r requirements.txt (line 4))
  Using cached triton-3.7.1-cp313-cp313-manylinux_2_27_x86_64.manylinux_2_28_x86_64.whl.metadata (1.7 kB)
Collecting nvidia-cublas==13.1.1.3.* (from cuda-toolkit[cublas,cudart,cufft,cufile,cupti,curand,cusolver,cusparse,nvjitlink,nvrtc,nvtx]==13.0.3; platform_system == "Linux"->torch->-r requirements.txt (line 4))
  Using cached nvidia_cublas-13.1.1.3-py3-none-manylinux_2_27_x86_64.whl.metadata (1.8 kB)
Collecting nvidia-cuda-nvrtc==13.0.88.* (from cuda-toolkit[cublas,cudart,cufft,cufile,cupti,curand,cusolver,cusparse,nvjitlink,nvrtc,nvtx]==13.0.3; platform_system == "Linux"->torch->-r requirements.txt (line 4))
  Using cached nvidia_cuda_nvrtc-13.0.88-py3-none-manylinux2010_x86_64.manylinux_2_12_x86_64.whl.metadata (1.7 kB)
Collecting nvidia-cuda-runtime==13.0.96.* (from cuda-toolkit[cublas,cudart,cufft,cufile,cupti,curand,cusolver,cusparse,nvjitlink,nvrtc,nvtx]==13.0.3; platform_system == "Linux"->torch->-r requirements.txt (line 4))
  Using cached nvidia_cuda_runtime-13.0.96-py3-none-manylinux2014_x86_64.manylinux_2_17_x86_64.whl.metadata (1.7 kB)
Collecting nvidia-cufft==12.0.0.61.* (from cuda-toolkit[cublas,cudart,cufft,cufile,cupti,curand,cusolver,cusparse,nvjitlink,nvrtc,nvtx]==13.0.3; platform_system == "Linux"->torch->-r requirements.txt (line 4))
  Using cached nvidia_cufft-12.0.0.61-py3-none-manylinux2014_x86_64.manylinux_2_17_x86_64.whl.metadata (1.8 kB)
Collecting nvidia-nvjitlink<14,>=13.0.88 (from cuda-toolkit[cublas,cudart,cufft,cufile,cupti,curand,cusolver,cusparse,nvjitlink,nvrtc,nvtx]==13.0.3; platform_system == "Linux"->torch->-r requirements.txt (line 4))
  Using cached nvidia_nvjitlink-13.3.33-py3-none-manylinux2010_x86_64.manylinux_2_12_x86_64.whl.metadata (1.8 kB)
Collecting nvidia-cufile==1.15.1.6.* (from cuda-toolkit[cublas,cudart,cufft,cufile,cupti,curand,cusolver,cusparse,nvjitlink,nvrtc,nvtx]==13.0.3; platform_system == "Linux"->torch->-r requirements.txt (line 4))
  Using cached nvidia_cufile-1.15.1.6-py3-none-manylinux2014_x86_64.manylinux_2_17_x86_64.whl.metadata (1.7 kB)
Collecting nvidia-cuda-cupti==13.0.85.* (from cuda-toolkit[cublas,cudart,cufft,cufile,cupti,curand,cusolver,cusparse,nvjitlink,nvrtc,nvtx]==13.0.3; platform_system == "Linux"->torch->-r requirements.txt (line 4))
  Using cached nvidia_cuda_cupti-13.0.85-py3-none-manylinux_2_25_x86_64.whl.metadata (1.7 kB)
Collecting nvidia-curand==10.4.0.35.* (from cuda-toolkit[cublas,cudart,cufft,cufile,cupti,curand,cusolver,cusparse,nvjitlink,nvrtc,nvtx]==13.0.3; platform_system == "Linux"->torch->-r requirements.txt (line 4))
  Using cached nvidia_curand-10.4.0.35-py3-none-manylinux_2_27_x86_64.whl.metadata (1.7 kB)
Collecting nvidia-cusolver==12.0.4.66.* (from cuda-toolkit[cublas,cudart,cufft,cufile,cupti,curand,cusolver,cusparse,nvjitlink,nvrtc,nvtx]==13.0.3; platform_system == "Linux"->torch->-r requirements.txt (line 4))
  Using cached nvidia_cusolver-12.0.4.66-py3-none-manylinux_2_27_x86_64.whl.metadata (1.8 kB)
Collecting nvidia-cusparse==12.6.3.3.* (from cuda-toolkit[cublas,cudart,cufft,cufile,cupti,curand,cusolver,cusparse,nvjitlink,nvrtc,nvtx]==13.0.3; platform_system == "Linux"->torch->-r requirements.txt (line 4))
  Using cached nvidia_cusparse-12.6.3.3-py3-none-manylinux2014_x86_64.manylinux_2_17_x86_64.whl.metadata (1.8 kB)
Collecting nvidia-nvtx==13.0.85.* (from cuda-toolkit[cublas,cudart,cufft,cufile,cupti,curand,cusolver,cusparse,nvjitlink,nvrtc,nvtx]==13.0.3; platform_system == "Linux"->torch->-r requirements.txt (line 4))
  Using cached nvidia_nvtx-13.0.85-py3-none-manylinux1_x86_64.manylinux_2_5_x86_64.whl.metadata (1.8 kB)
Collecting cuda-pathfinder>=1.4.2 (from cuda-bindings<14,>=13.0.3->torch->-r requirements.txt (line 4))
  Using cached cuda_pathfinder-1.6.0-py3-none-any.whl.metadata (1.9 kB)
Collecting importlib_metadata (from diffusers>=0.30->-r requirements.txt (line 5))
  Using cached importlib_metadata-9.0.0-py3-none-any.whl.metadata (4.5 kB)
Collecting httpx<1.0.0 (from diffusers>=0.30->-r requirements.txt (line 5))
  Using cached httpx-0.28.1-py3-none-any.whl.metadata (7.1 kB)
Collecting huggingface-hub<2.0,>=0.34.0 (from diffusers>=0.30->-r requirements.txt (line 5))
  Using cached huggingface_hub-1.24.0-py3-none-any.whl.metadata (16 kB)
Collecting numpy (from diffusers>=0.30->-r requirements.txt (line 5))
  Using cached numpy-2.5.1-cp313-cp313-manylinux_2_27_x86_64.manylinux_2_28_x86_64.whl.metadata (6.6 kB)
Collecting regex!=2019.12.17 (from diffusers>=0.30->-r requirements.txt (line 5))
  Using cached regex-2026.7.19-cp313-cp313-manylinux2014_x86_64.manylinux_2_17_x86_64.manylinux_2_28_x86_64.whl.metadata (40 kB)
Collecting requests (from diffusers>=0.30->-r requirements.txt (line 5))
  Using cached requests-2.34.2-py3-none-any.whl.metadata (4.8 kB)
Collecting anyio (from httpx<1.0.0->diffusers>=0.30->-r requirements.txt (line 5))
  Using cached anyio-4.14.2-py3-none-any.whl.metadata (4.6 kB)
Collecting certifi (from httpx<1.0.0->diffusers>=0.30->-r requirements.txt (line 5))
  Using cached certifi-2026.7.22-py3-none-any.whl.metadata (2.5 kB)
Collecting httpcore==1.* (from httpx<1.0.0->diffusers>=0.30->-r requirements.txt (line 5))
  Using cached httpcore-1.0.9-py3-none-any.whl.metadata (21 kB)
Collecting idna (from httpx<1.0.0->diffusers>=0.30->-r requirements.txt (line 5))
  Using cached idna-3.18-py3-none-any.whl.metadata (6.1 kB)
Collecting h11>=0.16 (from httpcore==1.*->httpx<1.0.0->diffusers>=0.30->-r requirements.txt (line 5))
  Using cached h11-0.16.0-py3-none-any.whl.metadata (8.3 kB)
Collecting click<9.0.0,>=8.4.2 (from huggingface-hub<2.0,>=0.34.0->diffusers>=0.30->-r requirements.txt (line 5))
  Using cached click-8.4.2-py3-none-any.whl.metadata (2.6 kB)
Collecting hf-xet<2.0.0,>=1.5.1 (from huggingface-hub<2.0,>=0.34.0->diffusers>=0.30->-r requirements.txt (line 5))
  Using cached hf_xet-1.5.2-cp38-abi3-manylinux2014_x86_64.manylinux_2_17_x86_64.whl.metadata (4.9 kB)
Collecting packaging>=20.9 (from huggingface-hub<2.0,>=0.34.0->diffusers>=0.30->-r requirements.txt (line 5))
  Using cached packaging-26.2-py3-none-any.whl.metadata (3.5 kB)
Collecting pyyaml>=5.1 (from huggingface-hub<2.0,>=0.34.0->diffusers>=0.30->-r requirements.txt (line 5))
  Using cached pyyaml-6.0.3-cp313-cp313-manylinux2014_x86_64.manylinux_2_17_x86_64.manylinux_2_28_x86_64.whl.metadata (2.4 kB)
Collecting tqdm>=4.42.1 (from huggingface-hub<2.0,>=0.34.0->diffusers>=0.30->-r requirements.txt (line 5))
  Using cached tqdm-4.69.1-py3-none-any.whl.metadata (57 kB)
Collecting tokenizers<=0.23.0,>=0.22.0 (from transformers->-r requirements.txt (line 6))
  Using cached tokenizers-0.22.2-cp39-abi3-manylinux_2_17_x86_64.manylinux2014_x86_64.whl.metadata (7.3 kB)
Collecting typer (from transformers->-r requirements.txt (line 6))
  Using cached typer-0.27.0-py3-none-any.whl.metadata (15 kB)
Collecting psutil (from accelerate->-r requirements.txt (line 7))
  Using cached psutil-7.2.2-cp36-abi3-manylinux2010_x86_64.manylinux_2_12_x86_64.manylinux_2_28_x86_64.whl.metadata (22 kB)
Collecting starlette>=0.46.0 (from fastapi->-r requirements.txt (line 9))
  Using cached starlette-1.3.1-py3-none-any.whl.metadata (6.4 kB)
Collecting pydantic>=2.9.0 (from fastapi->-r requirements.txt (line 9))
  Using cached pydantic-2.13.4-py3-none-any.whl.metadata (109 kB)
Collecting typing-inspection>=0.4.2 (from fastapi->-r requirements.txt (line 9))
  Using cached typing_inspection-0.4.2-py3-none-any.whl.metadata (2.6 kB)
Collecting annotated-doc>=0.0.2 (from fastapi->-r requirements.txt (line 9))
  Using cached annotated_doc-0.0.4-py3-none-any.whl.metadata (6.6 kB)
Collecting httptools>=0.8.0 (from uvicorn[standard]->-r requirements.txt (line 10))
  Using cached httptools-0.8.0-cp313-cp313-manylinux1_x86_64.manylinux_2_28_x86_64.manylinux_2_5_x86_64.whl.metadata (3.5 kB)
Collecting python-dotenv>=0.13 (from uvicorn[standard]->-r requirements.txt (line 10))
  Using cached python_dotenv-1.2.2-py3-none-any.whl.metadata (27 kB)
Collecting uvloop>=0.15.1 (from uvicorn[standard]->-r requirements.txt (line 10))
  Using cached uvloop-0.22.1-cp313-cp313-manylinux2014_x86_64.manylinux_2_17_x86_64.manylinux_2_28_x86_64.whl.metadata (4.9 kB)
Collecting watchfiles>=0.20 (from uvicorn[standard]->-r requirements.txt (line 10))
  Using cached watchfiles-1.2.0-cp313-cp313-manylinux_2_17_x86_64.manylinux2014_x86_64.whl.metadata (4.9 kB)
Collecting websockets>=13.0 (from uvicorn[standard]->-r requirements.txt (line 10))
  Using cached websockets-16.1.1-cp313-cp313-manylinux1_x86_64.manylinux_2_28_x86_64.manylinux_2_5_x86_64.whl.metadata (6.8 kB)
Collecting annotated-types>=0.6.0 (from pydantic>=2.9.0->fastapi->-r requirements.txt (line 9))
  Using cached annotated_types-0.8.0-py3-none-any.whl.metadata (15 kB)
Collecting pydantic-core==2.46.4 (from pydantic>=2.9.0->fastapi->-r requirements.txt (line 9))
  Using cached pydantic_core-2.46.4-cp313-cp313-manylinux_2_17_x86_64.manylinux2014_x86_64.whl.metadata (6.6 kB)
Collecting mpmath<1.4,>=1.1.0 (from sympy>=1.13.3->torch->-r requirements.txt (line 4))
  Using cached mpmath-1.3.0-py3-none-any.whl.metadata (8.6 kB)
Collecting zipp>=3.20 (from importlib_metadata->diffusers>=0.30->-r requirements.txt (line 5))
  Using cached zipp-4.1.0-py3-none-any.whl.metadata (3.6 kB)
Collecting MarkupSafe>=2.0 (from jinja2->torch->-r requirements.txt (line 4))
  Using cached markupsafe-3.0.3-cp313-cp313-manylinux2014_x86_64.manylinux_2_17_x86_64.manylinux_2_28_x86_64.whl.metadata (2.7 kB)
Collecting charset_normalizer<4,>=2 (from requests->diffusers>=0.30->-r requirements.txt (line 5))
  Using cached charset_normalizer-3.4.9-cp313-cp313-manylinux2014_x86_64.manylinux_2_17_x86_64.manylinux_2_28_x86_64.whl.metadata (41 kB)
Collecting urllib3<3,>=1.26 (from requests->diffusers>=0.30->-r requirements.txt (line 5))
  Using cached urllib3-2.7.0-py3-none-any.whl.metadata (6.9 kB)
Collecting shellingham>=1.3.0 (from typer->transformers->-r requirements.txt (line 6))
  Using cached shellingham-1.5.4-py2.py3-none-any.whl.metadata (3.5 kB)
Collecting rich>=13.8.0 (from typer->transformers->-r requirements.txt (line 6))
  Using cached rich-15.0.0-py3-none-any.whl.metadata (18 kB)
Collecting markdown-it-py>=2.2.0 (from rich>=13.8.0->typer->transformers->-r requirements.txt (line 6))
  Using cached markdown_it_py-4.2.0-py3-none-any.whl.metadata (7.4 kB)
Collecting pygments<3.0.0,>=2.13.0 (from rich>=13.8.0->typer->transformers->-r requirements.txt (line 6))
  Using cached pygments-2.20.0-py3-none-any.whl.metadata (2.5 kB)
Collecting mdurl~=0.1 (from markdown-it-py>=2.2.0->rich>=13.8.0->typer->transformers->-r requirements.txt (line 6))
  Using cached mdurl-0.1.2-py3-none-any.whl.metadata (1.6 kB)
Using cached torch-2.13.0-cp313-cp313-manylinux_2_28_x86_64.whl (526.6 MB)
Using cached cuda_toolkit-13.0.3.0-py2.py3-none-any.whl (2.5 kB)
Using cached nvidia_cudnn_cu13-9.20.0.48-py3-none-manylinux_2_27_x86_64.whl (366.2 MB)
Using cached nvidia_cusparselt_cu13-0.8.1-py3-none-manylinux2014_x86_64.whl (170.1 MB)
Using cached nvidia_nccl_cu13-2.29.7-py3-none-manylinux_2_18_x86_64.whl (206.0 MB)
Using cached nvidia_nvshmem_cu13-3.4.5-py3-none-manylinux2014_x86_64.manylinux_2_17_x86_64.whl (60.4 MB)
Using cached triton-3.7.1-cp313-cp313-manylinux_2_27_x86_64.manylinux_2_28_x86_64.whl (197.7 MB)
Using cached cuda_bindings-13.3.1-cp313-cp313-manylinux_2_24_x86_64.manylinux_2_28_x86_64.whl (6.5 MB)
Using cached nvidia_cublas-13.1.1.3-py3-none-manylinux_2_27_x86_64.whl (423.1 MB)
Using cached nvidia_cuda_cupti-13.0.85-py3-none-manylinux_2_25_x86_64.whl (10.7 MB)
Using cached nvidia_cuda_nvrtc-13.0.88-py3-none-manylinux2010_x86_64.manylinux_2_12_x86_64.whl (90.2 MB)
Using cached nvidia_cuda_runtime-13.0.96-py3-none-manylinux2014_x86_64.manylinux_2_17_x86_64.whl (2.2 MB)
Using cached nvidia_cufft-12.0.0.61-py3-none-manylinux2014_x86_64.manylinux_2_17_x86_64.whl (214.1 MB)
Using cached nvidia_cufile-1.15.1.6-py3-none-manylinux2014_x86_64.manylinux_2_17_x86_64.whl (1.2 MB)
Using cached nvidia_curand-10.4.0.35-py3-none-manylinux_2_27_x86_64.whl (59.5 MB)
Using cached nvidia_cusolver-12.0.4.66-py3-none-manylinux_2_27_x86_64.whl (200.9 MB)
Using cached nvidia_cusparse-12.6.3.3-py3-none-manylinux2014_x86_64.manylinux_2_17_x86_64.whl (145.9 MB)
Using cached nvidia_nvjitlink-13.3.33-py3-none-manylinux2010_x86_64.manylinux_2_12_x86_64.whl (40.7 MB)
Using cached nvidia_nvtx-13.0.85-py3-none-manylinux1_x86_64.manylinux_2_5_x86_64.whl (148 kB)
Using cached diffusers-0.39.0-py3-none-any.whl (5.6 MB)
Using cached httpx-0.28.1-py3-none-any.whl (73 kB)
Using cached httpcore-1.0.9-py3-none-any.whl (78 kB)
Using cached huggingface_hub-1.24.0-py3-none-any.whl (771 kB)
Using cached click-8.4.2-py3-none-any.whl (119 kB)
Using cached hf_xet-1.5.2-cp38-abi3-manylinux2014_x86_64.manylinux_2_17_x86_64.whl (4.4 MB)
Using cached transformers-5.14.1-py3-none-any.whl (11.6 MB)
Using cached tokenizers-0.22.2-cp39-abi3-manylinux_2_17_x86_64.manylinux2014_x86_64.whl (3.3 MB)
Using cached accelerate-1.14.0-py3-none-any.whl (389 kB)
Using cached safetensors-0.8.0-cp310-abi3-manylinux_2_17_x86_64.manylinux2014_x86_64.whl (516 kB)
Using cached fastapi-0.140.0-py3-none-any.whl (130 kB)
Using cached uvicorn-0.51.0-py3-none-any.whl (73 kB)
Using cached pillow-12.3.0-cp313-cp313-manylinux_2_27_x86_64.manylinux_2_28_x86_64.whl (6.9 MB)
Using cached annotated_doc-0.0.4-py3-none-any.whl (5.3 kB)
Using cached cuda_pathfinder-1.6.0-py3-none-any.whl (54 kB)
Using cached filelock-3.32.0-py3-none-any.whl (97 kB)
Using cached fsspec-2026.6.0-py3-none-any.whl (203 kB)
Using cached h11-0.16.0-py3-none-any.whl (37 kB)
Using cached httptools-0.8.0-cp313-cp313-manylinux1_x86_64.manylinux_2_28_x86_64.manylinux_2_5_x86_64.whl (486 kB)
Using cached networkx-3.6.1-py3-none-any.whl (2.1 MB)
Using cached numpy-2.5.1-cp313-cp313-manylinux_2_27_x86_64.manylinux_2_28_x86_64.whl (16.7 MB)
Using cached packaging-26.2-py3-none-any.whl (100 kB)
Using cached pydantic-2.13.4-py3-none-any.whl (472 kB)
Using cached pydantic_core-2.46.4-cp313-cp313-manylinux_2_17_x86_64.manylinux2014_x86_64.whl (2.1 MB)
Using cached annotated_types-0.8.0-py3-none-any.whl (13 kB)
Using cached python_dotenv-1.2.2-py3-none-any.whl (22 kB)
Using cached pyyaml-6.0.3-cp313-cp313-manylinux2014_x86_64.manylinux_2_17_x86_64.manylinux_2_28_x86_64.whl (801 kB)
Using cached regex-2026.7.19-cp313-cp313-manylinux2014_x86_64.manylinux_2_17_x86_64.manylinux_2_28_x86_64.whl (801 kB)
Using cached setuptools-83.0.0-py3-none-any.whl (1.0 MB)
Using cached starlette-1.3.1-py3-none-any.whl (73 kB)
Using cached anyio-4.14.2-py3-none-any.whl (125 kB)
Using cached idna-3.18-py3-none-any.whl (65 kB)
Using cached sympy-1.14.0-py3-none-any.whl (6.3 MB)
Using cached mpmath-1.3.0-py3-none-any.whl (536 kB)
Using cached tqdm-4.69.1-py3-none-any.whl (675 kB)
Using cached typing_extensions-4.16.0-py3-none-any.whl (45 kB)
Using cached typing_inspection-0.4.2-py3-none-any.whl (14 kB)
Using cached uvloop-0.22.1-cp313-cp313-manylinux2014_x86_64.manylinux_2_17_x86_64.manylinux_2_28_x86_64.whl (4.4 MB)
Using cached watchfiles-1.2.0-cp313-cp313-manylinux_2_17_x86_64.manylinux2014_x86_64.whl (454 kB)
Using cached websockets-16.1.1-cp313-cp313-manylinux1_x86_64.manylinux_2_28_x86_64.manylinux_2_5_x86_64.whl (187 kB)
Using cached certifi-2026.7.22-py3-none-any.whl (136 kB)
Using cached importlib_metadata-9.0.0-py3-none-any.whl (27 kB)
Using cached zipp-4.1.0-py3-none-any.whl (10 kB)
Using cached jinja2-3.1.6-py3-none-any.whl (134 kB)
Using cached markupsafe-3.0.3-cp313-cp313-manylinux2014_x86_64.manylinux_2_17_x86_64.manylinux_2_28_x86_64.whl (22 kB)
Using cached psutil-7.2.2-cp36-abi3-manylinux2010_x86_64.manylinux_2_12_x86_64.manylinux_2_28_x86_64.whl (155 kB)
Using cached requests-2.34.2-py3-none-any.whl (73 kB)
Using cached charset_normalizer-3.4.9-cp313-cp313-manylinux2014_x86_64.manylinux_2_17_x86_64.manylinux_2_28_x86_64.whl (223 kB)
Using cached urllib3-2.7.0-py3-none-any.whl (131 kB)
Using cached typer-0.27.0-py3-none-any.whl (122 kB)
Using cached rich-15.0.0-py3-none-any.whl (310 kB)
Using cached pygments-2.20.0-py3-none-any.whl (1.2 MB)
Using cached markdown_it_py-4.2.0-py3-none-any.whl (91 kB)
Using cached mdurl-0.1.2-py3-none-any.whl (10.0 kB)
Using cached shellingham-1.5.4-py2.py3-none-any.whl (9.8 kB)
Installing collected packages: nvidia-cusparselt-cu13, mpmath, cuda-toolkit, zipp, websockets, uvloop, urllib3, typing-extensions, triton, tqdm, sympy, shellingham, setuptools, safetensors, regex, pyyaml, python-dotenv, pygments, psutil, pillow, packaging, nvidia-nvtx, nvidia-nvshmem-cu13, nvidia-nvjitlink, nvidia-nccl-cu13, nvidia-curand, nvidia-cufile, nvidia-cuda-runtime, nvidia-cuda-nvrtc, nvidia-cuda-cupti, numpy, networkx, mdurl, MarkupSafe, idna, httptools, hf-xet, h11, fsspec, filelock, cuda-pathfinder, click, charset_normalizer, certifi, annotated-types, annotated-doc, uvicorn, typing-inspection, requests, pydantic-core, nvidia-cusparse, nvidia-cufft, nvidia-cublas, markdown-it-py, jinja2, importlib_metadata, httpcore, cuda-bindings, anyio, watchfiles, starlette, rich, pydantic, nvidia-cusolver, nvidia-cudnn-cu13, httpx, typer, huggingface-hub, fastapi, torch, tokenizers, diffusers, transformers, accelerate

Successfully installed MarkupSafe-3.0.3 accelerate-1.14.0 annotated-doc-0.0.4 annotated-types-0.8.0 anyio-4.14.2 certifi-2026.7.22 charset_normalizer-3.4.9 click-8.4.2 cuda-bindings-13.3.1 cuda-pathfinder-1.6.0 cuda-toolkit-13.0.3.0 diffusers-0.39.0 fastapi-0.140.0 filelock-3.32.0 fsspec-2026.6.0 h11-0.16.0 hf-xet-1.5.2 httpcore-1.0.9 httptools-0.8.0 httpx-0.28.1 huggingface-hub-1.24.0 idna-3.18 importlib_metadata-9.0.0 jinja2-3.1.6 markdown-it-py-4.2.0 mdurl-0.1.2 mpmath-1.3.0 networkx-3.6.1 numpy-2.5.1 nvidia-cublas-13.1.1.3 nvidia-cuda-cupti-13.0.85 nvidia-cuda-nvrtc-13.0.88 nvidia-cuda-runtime-13.0.96 nvidia-cudnn-cu13-9.20.0.48 nvidia-cufft-12.0.0.61 nvidia-cufile-1.15.1.6 nvidia-curand-10.4.0.35 nvidia-cusolver-12.0.4.66 nvidia-cusparse-12.6.3.3 nvidia-cusparselt-cu13-0.8.1 nvidia-nccl-cu13-2.29.7 nvidia-nvjitlink-13.3.33 nvidia-nvshmem-cu13-3.4.5 nvidia-nvtx-13.0.85 packaging-26.2 pillow-12.3.0 psutil-7.2.2 pydantic-2.13.4 pydantic-core-2.46.4 pygments-2.20.0 python-dotenv-1.2.2 pyyaml-6.0.3 regex-2026.7.19 requests-2.34.2 rich-15.0.0 safetensors-0.8.0 setuptools-83.0.0 shellingham-1.5.4 starlette-1.3.1 sympy-1.14.0 tokenizers-0.22.2 torch-2.13.0 tqdm-4.69.1 transformers-5.14.1 triton-3.7.1 typer-0.27.0 typing-extensions-4.16.0 typing-inspection-0.4.2 urllib3-2.7.0 uvicorn-0.51.0 uvloop-0.22.1 watchfiles-1.2.0 websockets-16.1.1 zipp-4.1.0
EXIT=0
